../Core/Src/main.c:89:6:Pid_cal	16	static
../Core/Src/main.c:163:6:GetDataCompass	16	static
../Core/Src/main.c:180:6:HAL_UART_RxCpltCallback	32	static
../Core/Src/main.c:224:5:ControlDriver	24	static
../Core/Src/main.c:282:5:main	128	static
../Core/Src/main.c:399:6:SystemClock_Config	88	static
../Core/Src/main.c:445:13:MX_TIM2_Init	32	static
../Core/Src/main.c:490:13:MX_USART1_UART_Init	8	static
../Core/Src/main.c:523:13:MX_USART2_UART_Init	8	static
../Core/Src/main.c:556:13:MX_USART3_UART_Init	8	static
../Core/Src/main.c:589:13:MX_GPIO_Init	40	static
../Core/Src/main.c:627:6:batthanh	40	static
../Core/Src/main.c:651:6:StartDefaultTask	56	static
../Core/Src/main.c:782:6:TaskBlinkLed	16	static
../Core/Src/main.c:815:6:TaskUART	16	static
../Core/Src/main.c:835:6:TaskXoayLaBan	72	static
../Core/Src/main.c:873:6:HAL_TIM_PeriodElapsedCallback	16	static
../Core/Src/main.c:892:6:Error_Handler	4	static,ignoring_inline_asm
