../Core/Src/main.c:94:6:Pid_cal	16	static
../Core/Src/main.c:168:6:GetDataCompass	16	static
../Core/Src/main.c:185:6:HAL_UART_RxCpltCallback	32	static
../Core/Src/main.c:229:5:ControlDriver	24	static
../Core/Src/main.c:287:5:main	128	static
../Core/Src/main.c:406:6:SystemClock_Config	88	static
../Core/Src/main.c:452:13:MX_ADC1_Init	24	static
../Core/Src/main.c:504:13:MX_TIM2_Init	32	static
../Core/Src/main.c:549:13:MX_USART1_UART_Init	8	static
../Core/Src/main.c:582:13:MX_USART2_UART_Init	8	static
../Core/Src/main.c:615:13:MX_USART3_UART_Init	8	static
../Core/Src/main.c:646:13:MX_DMA_Init	16	static
../Core/Src/main.c:664:13:MX_GPIO_Init	40	static
../Core/Src/main.c:702:6:batthanh	40	static
../Core/Src/main.c:726:6:StartDefaultTask	56	static
../Core/Src/main.c:882:6:TaskBlinkLed	16	static
../Core/Src/main.c:915:6:TaskUART	16	static
../Core/Src/main.c:935:6:TaskXoayLaBan	72	static
../Core/Src/main.c:984:6:HAL_TIM_PeriodElapsedCallback	16	static
../Core/Src/main.c:1003:6:Error_Handler	4	static,ignoring_inline_asm
