../Core/Src/main.c:106:6:Pid_cal	16	static
../Core/Src/main.c:188:6:GetDataCompass	16	static
../Core/Src/main.c:205:6:HAL_UART_RxCpltCallback	32	static
../Core/Src/main.c:249:5:ControlDriver	24	static
../Core/Src/main.c:307:5:ControlGun	16	static
../Core/Src/main.c:325:5:main	128	static
../Core/Src/main.c:450:6:SystemClock_Config	88	static
../Core/Src/main.c:496:13:MX_ADC1_Init	24	static
../Core/Src/main.c:548:13:MX_TIM2_Init	32	static
../Core/Src/main.c:593:13:MX_TIM3_Init	64	static
../Core/Src/main.c:656:13:MX_TIM4_Init	64	static
../Core/Src/main.c:719:13:MX_UART4_Init	8	static
../Core/Src/main.c:752:13:MX_USART1_UART_Init	8	static
../Core/Src/main.c:785:13:MX_USART2_UART_Init	8	static
../Core/Src/main.c:818:13:MX_USART3_UART_Init	8	static
../Core/Src/main.c:849:13:MX_DMA_Init	16	static
../Core/Src/main.c:867:13:MX_GPIO_Init	56	static
../Core/Src/main.c:954:6:batthanh	40	static
../Core/Src/main.c:973:6:batcot	8	static
../Core/Src/main.c:1005:6:batvong	8	static
../Core/Src/main.c:1042:6:HAL_GPIO_EXTI_Callback	16	static
../Core/Src/main.c:1050:6:PID	16	static
../Core/Src/main.c:1093:6:ControlMotor	16	static
../Core/Src/main.c:1098:6:driveSpeed	16	static
../Core/Src/main.c:1121:6:driveSpeed_tail	16	static
../Core/Src/main.c:1136:6:driveStep	16	static
../Core/Src/main.c:1162:6:upHandle	8	static
../Core/Src/main.c:1174:6:uphalf	8	static
../Core/Src/main.c:1181:6:downHandle	8	static
../Core/Src/main.c:1193:6:loadingProcess	8	static
../Core/Src/main.c:1217:6:StartDefaultTask	48	static
../Core/Src/main.c:1519:6:TaskBlinkLed	16	static
../Core/Src/main.c:1554:6:TaskUART	16	static
../Core/Src/main.c:1585:6:TaskXoayLaBan	64	static
../Core/Src/main.c:1638:6:HAL_TIM_PeriodElapsedCallback	16	static
../Core/Src/main.c:1664:6:Error_Handler	4	static,ignoring_inline_asm
