../Core/Src/main.c:105:6:Pid_cal	16	static
../Core/Src/main.c:181:6:GetDataCompass	16	static
../Core/Src/main.c:198:6:HAL_UART_RxCpltCallback	32	static
../Core/Src/main.c:242:5:ControlDriver	24	static
../Core/Src/main.c:300:5:ControlGun	16	static
../Core/Src/main.c:318:5:main	128	static
../Core/Src/main.c:443:6:SystemClock_Config	88	static
../Core/Src/main.c:489:13:MX_ADC1_Init	24	static
../Core/Src/main.c:541:13:MX_TIM2_Init	32	static
../Core/Src/main.c:586:13:MX_TIM3_Init	64	static
../Core/Src/main.c:649:13:MX_TIM4_Init	48	static
../Core/Src/main.c:702:13:MX_UART4_Init	8	static
../Core/Src/main.c:735:13:MX_USART1_UART_Init	8	static
../Core/Src/main.c:768:13:MX_USART2_UART_Init	8	static
../Core/Src/main.c:801:13:MX_USART3_UART_Init	8	static
../Core/Src/main.c:832:13:MX_DMA_Init	16	static
../Core/Src/main.c:850:13:MX_GPIO_Init	56	static
../Core/Src/main.c:937:6:batthanh	40	static
../Core/Src/main.c:958:6:batcot	8	static
../Core/Src/main.c:984:6:batvong	8	static
../Core/Src/main.c:1021:6:HAL_GPIO_EXTI_Callback	16	static
../Core/Src/main.c:1029:6:PID	16	static
../Core/Src/main.c:1071:6:ControlMotor	16	static
../Core/Src/main.c:1076:6:driveSpeed	16	static
../Core/Src/main.c:1099:6:driveSpeed_tail	16	static
../Core/Src/main.c:1115:6:driveStep	16	static
../Core/Src/main.c:1140:6:upHandle	8	static
../Core/Src/main.c:1153:6:downHandle	8	static
../Core/Src/main.c:1165:6:loadingProcess	8	static
../Core/Src/main.c:1186:6:StartDefaultTask	48	static
../Core/Src/main.c:1487:6:TaskBlinkLed	16	static
../Core/Src/main.c:1520:6:TaskUART	16	static
../Core/Src/main.c:1578:6:TaskXoayLaBan	64	static
../Core/Src/main.c:1638:6:HAL_TIM_PeriodElapsedCallback	16	static
../Core/Src/main.c:1658:6:Error_Handler	4	static,ignoring_inline_asm
