../Core/Src/main.c:91:6:HAL_GPIO_EXTI_Callback	16	static
../Core/Src/main.c:102:6:driveSpeed	16	static
../Core/Src/main.c:117:6:calculatePIDSpeed	8	static
../Core/Src/main.c:138:6:setHome	8	static
../Core/Src/main.c:151:6:delay_us	16	static
../Core/Src/main.c:158:6:driveStepper	24	static
../Core/Src/main.c:173:6:shootPole	8	static
../Core/Src/main.c:179:6:shootManual	8	static
../Core/Src/main.c:187:6:resetVariables	4	static
../Core/Src/main.c:202:5:main	72	static
../Core/Src/main.c:285:6:SystemClock_Config	72	static
../Core/Src/main.c:325:13:MX_TIM1_Init	32	static
../Core/Src/main.c:371:13:MX_TIM2_Init	64	static
../Core/Src/main.c:434:13:MX_TIM3_Init	32	static
../Core/Src/main.c:479:13:MX_GPIO_Init	40	static
../Core/Src/main.c:533:6:StartDefaultTask	16	static
../Core/Src/main.c:552:6:StartTask02	16	static
../Core/Src/main.c:582:6:HAL_TIM_PeriodElapsedCallback	24	static
../Core/Src/main.c:605:6:Error_Handler	4	static,ignoring_inline_asm
