../Core/Src/main.c:104:6:HAL_UART_RxCpltCallback	32	static
../Core/Src/main.c:144:6:HAL_GPIO_EXTI_Callback	16	static
../Core/Src/main.c:155:6:driveSpeed	16	static
../Core/Src/main.c:170:6:calculatePIDSpeed	8	static
../Core/Src/main.c:191:6:setHome	8	static
../Core/Src/main.c:203:6:delay_us	16	static
../Core/Src/main.c:210:6:driveStepper	24	static
../Core/Src/main.c:225:6:shootPole	8	static
../Core/Src/main.c:231:6:shootManual	16	static
../Core/Src/main.c:239:6:resetVariables	4	static
../Core/Src/main.c:254:5:main	72	static
../Core/Src/main.c:338:6:SystemClock_Config	72	static
../Core/Src/main.c:378:13:MX_TIM1_Init	32	static
../Core/Src/main.c:424:13:MX_TIM2_Init	64	static
../Core/Src/main.c:487:13:MX_TIM3_Init	32	static
../Core/Src/main.c:532:13:MX_USART1_UART_Init	8	static
../Core/Src/main.c:565:13:MX_GPIO_Init	40	static
../Core/Src/main.c:619:6:StartDefaultTask	16	static
../Core/Src/main.c:638:6:StartTask02	16	static
../Core/Src/main.c:678:6:HAL_TIM_PeriodElapsedCallback	24	static
../Core/Src/main.c:701:6:Error_Handler	4	static,ignoring_inline_asm
