../Core/Src/main.c:86:6:HAL_GPIO_EXTI_Callback	16	static
../Core/Src/main.c:97:6:driveSpeed	16	static
../Core/Src/main.c:112:6:calculatePIDSpeed	8	static
../Core/Src/main.c:151:6:setHome	8	static
../Core/Src/main.c:163:6:delay_us	16	static
../Core/Src/main.c:170:6:driveStepper	24	static
../Core/Src/main.c:185:6:s6Shoot	8	static
../Core/Src/main.c:193:6:s7Shoot	8	static
../Core/Src/main.c:201:6:s8Shoot	8	static
../Core/Src/main.c:209:6:s9Shoot	8	static
../Core/Src/main.c:217:6:s10Shoot	8	static
../Core/Src/main.c:225:6:s11Shoot	8	static
../Core/Src/main.c:233:6:resetVariables	4	static
../Core/Src/main.c:245:5:main	72	static
../Core/Src/main.c:328:6:SystemClock_Config	72	static
../Core/Src/main.c:368:13:MX_TIM1_Init	32	static
../Core/Src/main.c:414:13:MX_TIM2_Init	64	static
../Core/Src/main.c:477:13:MX_TIM3_Init	32	static
../Core/Src/main.c:522:13:MX_GPIO_Init	40	static
../Core/Src/main.c:576:6:StartDefaultTask	16	static
../Core/Src/main.c:597:6:StartTask02	16	static
../Core/Src/main.c:652:6:HAL_TIM_PeriodElapsedCallback	24	static
../Core/Src/main.c:674:6:Error_Handler	4	static,ignoring_inline_asm
