../Core/Src/main.c:86:6:HAL_GPIO_EXTI_Callback	16	static
../Core/Src/main.c:97:6:driveSpeed	16	static
../Core/Src/main.c:112:6:calculatePIDSpeed	8	static
../Core/Src/main.c:151:6:setHome	8	static
../Core/Src/main.c:162:6:delay_us	16	static
../Core/Src/main.c:169:6:driveStepper	24	static
../Core/Src/main.c:184:6:s6Shoot	8	static
../Core/Src/main.c:192:6:s7Shoot	8	static
../Core/Src/main.c:200:6:s8Shoot	8	static
../Core/Src/main.c:208:6:s9Shoot	8	static
../Core/Src/main.c:216:6:s10Shoot	8	static
../Core/Src/main.c:224:6:s11Shoot	8	static
../Core/Src/main.c:232:6:resetVariables	4	static
../Core/Src/main.c:244:5:main	72	static
../Core/Src/main.c:327:6:SystemClock_Config	72	static
../Core/Src/main.c:367:13:MX_TIM1_Init	32	static
../Core/Src/main.c:413:13:MX_TIM2_Init	64	static
../Core/Src/main.c:476:13:MX_TIM3_Init	32	static
../Core/Src/main.c:521:13:MX_GPIO_Init	40	static
../Core/Src/main.c:575:6:StartDefaultTask	16	static
../Core/Src/main.c:595:6:StartTask02	16	static
../Core/Src/main.c:648:6:HAL_TIM_PeriodElapsedCallback	24	static
../Core/Src/main.c:670:6:Error_Handler	4	static,ignoring_inline_asm
