../Core/Src/main.c:91:6:HAL_GPIO_EXTI_Callback	16	static
../Core/Src/main.c:102:6:driveSpeed	16	static
../Core/Src/main.c:117:6:calculatePIDSpeed	8	static
../Core/Src/main.c:156:6:setHome	8	static
../Core/Src/main.c:169:6:delay_us	16	static
../Core/Src/main.c:176:6:driveStepper	24	static
../Core/Src/main.c:191:6:shootPole	8	static
../Core/Src/main.c:197:6:shootManual	8	static
../Core/Src/main.c:205:6:resetVariables	4	static
../Core/Src/main.c:220:5:main	72	static
../Core/Src/main.c:303:6:SystemClock_Config	72	static
../Core/Src/main.c:343:13:MX_TIM1_Init	32	static
../Core/Src/main.c:389:13:MX_TIM2_Init	64	static
../Core/Src/main.c:452:13:MX_TIM3_Init	32	static
../Core/Src/main.c:497:13:MX_GPIO_Init	40	static
../Core/Src/main.c:551:6:StartDefaultTask	16	static
../Core/Src/main.c:570:6:StartTask02	16	static
../Core/Src/main.c:600:6:HAL_TIM_PeriodElapsedCallback	24	static
../Core/Src/main.c:623:6:Error_Handler	4	static,ignoring_inline_asm
