../Core/Src/main.c:117:6:HAL_UART_RxCpltCallback	32	static
../Core/Src/main.c:184:5:main	72	static
../Core/Src/main.c:296:6:SystemClock_Config	72	static
../Core/Src/main.c:336:13:MX_TIM2_Init	64	static
../Core/Src/main.c:399:13:MX_TIM3_Init	32	static
../Core/Src/main.c:444:13:MX_USART1_UART_Init	8	static
../Core/Src/main.c:477:13:MX_GPIO_Init	40	static
../Core/Src/main.c:522:6:HAL_GPIO_EXTI_Callback	16	static
../Core/Src/main.c:534:6:driveStep	16	static
../Core/Src/main.c:594:6:findHome	8	static
../Core/Src/main.c:647:6:calculatePIDSpeed	24	static
../Core/Src/main.c:669:6:ControlMotor	16	static
../Core/Src/main.c:674:6:driveSpeed	16	static
../Core/Src/main.c:694:6:Task_Pos	16	static
../Core/Src/main.c:725:6:Task_Speed	16	static
../Core/Src/main.c:766:6:HAL_TIM_PeriodElapsedCallback	24	static
../Core/Src/main.c:793:6:Error_Handler	4	static,ignoring_inline_asm
