../Core/Src/main.c:120:6:HAL_UART_RxCpltCallback	32	static
../Core/Src/main.c:187:5:main	72	static
../Core/Src/main.c:299:6:SystemClock_Config	72	static
../Core/Src/main.c:339:13:MX_TIM2_Init	64	static
../Core/Src/main.c:402:13:MX_TIM3_Init	32	static
../Core/Src/main.c:447:13:MX_USART1_UART_Init	8	static
../Core/Src/main.c:480:13:MX_GPIO_Init	40	static
../Core/Src/main.c:528:6:HAL_GPIO_EXTI_Callback	16	static
../Core/Src/main.c:540:6:driveStep	16	static
../Core/Src/main.c:570:6:findHome	8	static
../Core/Src/main.c:623:6:calculatePIDSpeed	24	static
../Core/Src/main.c:645:6:ControlMotor	16	static
../Core/Src/main.c:650:6:driveSpeed	16	static
../Core/Src/main.c:670:6:Task_Pos	16	static
../Core/Src/main.c:707:6:Task_Speed	16	static
../Core/Src/main.c:744:6:HAL_TIM_PeriodElapsedCallback	24	static
../Core/Src/main.c:773:6:Error_Handler	4	static,ignoring_inline_asm
