14:14:11 **** Incremental Build of configuration Debug for project CodeMainRobocon2023_V1.1 ****
make -j16 all 
arm-none-eabi-gcc "../Core/Src/main.c" -mcpu=cortex-m4 -std=gnu11 -g3 -DDEBUG -DUSE_HAL_DRIVER -DSTM32F407xx -c -I../Core/Inc -I../Drivers/STM32F4xx_HAL_Driver/Inc -I../Drivers/STM32F4xx_HAL_Driver/Inc/Legacy -I../Drivers/CMSIS/Device/ST/STM32F4xx/Include -I../Drivers/CMSIS/Include -I../Middlewares/Third_Party/FreeRTOS/Source/include -I../Middlewares/Third_Party/FreeRTOS/Source/portable/GCC/ARM_CM4F -I../Middlewares/Third_Party/FreeRTOS/Source/CMSIS_RTOS -O0 -ffunction-sections -fdata-sections -Wall -fstack-usage -MMD -MP -MF"Core/Src/main.d" -MT"Core/Src/main.o" --specs=nano.specs -mfpu=fpv4-sp-d16 -mfloat-abi=hard -mthumb -o "Core/Src/main.o"
arm-none-eabi-gcc -o "CodeMainRobocon2023_V1.1.elf" @"objects.list"   -mcpu=cortex-m4 -T"C:\Users\LENOVO\Desktop\TestUARTDriverRobocon2023_V1.0\CodeMainRobocon2023_V1.1\STM32F407VETX_FLASH.ld" --specs=nosys.specs -Wl,-Map="CodeMainRobocon2023_V1.1.map" -Wl,--gc-sections -static --specs=nano.specs -mfpu=fpv4-sp-d16 -mfloat-abi=hard -mthumb -Wl,--start-group -lc -lm -Wl,--end-group
Finished building target: CodeMainRobocon2023_V1.1.elf
 
arm-none-eabi-size   CodeMainRobocon2023_V1.1.elf 
arm-none-eabi-objdump -h -S  CodeMainRobocon2023_V1.1.elf  > "CodeMainRobocon2023_V1.1.list"
   text	   data	    bss	    dec	    hex	filename
  26152	    140	  18520	  44812	   af0c	CodeMainRobocon2023_V1.1.elf
Finished building: default.size.stdout
 
Finished building: CodeMainRobocon2023_V1.1.list
 
14:14:16 **** Incremental Build of configuration Debug for project CodeMainRobocon2023_V1.1 ****
make -j16 all 
arm-none-eabi-size   CodeMainRobocon2023_V1.1.elf 
   text	   data	    bss	    dec	    hex	filename
  26152	    140	  18520	  44812	   af0c	CodeMainRobocon2023_V1.1.elf
Finished building: default.size.stdout
 
14:18:19 **** Incremental Build of configuration Debug for project CodeMainRobocon2023_V1.1 ****
make -j16 all 
arm-none-eabi-size   CodeMainRobocon2023_V1.1.elf 
   text	   data	    bss	    dec	    hex	filename
  26152	    140	  18520	  44812	   af0c	CodeMainRobocon2023_V1.1.elf
Finished building: default.size.stdout
 
14:25:14 **** Incremental Build of configuration Debug for project CodeMainRobocon2023_V1.1 ****
make -j16 all 
arm-none-eabi-size   CodeMainRobocon2023_V1.1.elf 
   text	   data	    bss	    dec	    hex	filename
  26152	    140	  18520	  44812	   af0c	CodeMainRobocon2023_V1.1.elf
Finished building: default.size.stdout
 
14:25:57 **** Incremental Build of configuration Debug for project CodeMainRobocon2023_V1.1 ****
make -j16 all 
arm-none-eabi-size   CodeMainRobocon2023_V1.1.elf 
   text	   data	    bss	    dec	    hex	filename
  26152	    140	  18520	  44812	   af0c	CodeMainRobocon2023_V1.1.elf
Finished building: default.size.stdout
 
14:26:36 **** Incremental Build of configuration Debug for project CodeMainRobocon2023_V1.1 ****
make -j16 all 
arm-none-eabi-size   CodeMainRobocon2023_V1.1.elf 
   text	   data	    bss	    dec	    hex	filename
  26152	    140	  18520	  44812	   af0c	CodeMainRobocon2023_V1.1.elf
Finished building: default.size.stdout
 
14:33:41 **** Incremental Build of configuration Debug for project CodeMainRobocon2023_V1.1 ****
make -j16 all 
arm-none-eabi-size   CodeMainRobocon2023_V1.1.elf 
   text	   data	    bss	    dec	    hex	filename
  26152	    140	  18520	  44812	   af0c	CodeMainRobocon2023_V1.1.elf
Finished building: default.size.stdout
 
14:33:57 **** Incremental Build of configuration Debug for project CodeMainRobocon2023_V1.1 ****
make -j16 all 
arm-none-eabi-size   CodeMainRobocon2023_V1.1.elf 
   text	   data	    bss	    dec	    hex	filename
  26152	    140	  18520	  44812	   af0c	CodeMainRobocon2023_V1.1.elf
Finished building: default.size.stdout
 
14:46:53 **** Incremental Build of configuration Debug for project TestUARTDriverRobocon2023_V1.0 ****
make -j16 all 
arm-none-eabi-size   TestUARTDriverRobocon2023_V1.0.elf 
   text	   data	    bss	    dec	    hex	filename
  23144	     80	   6152	  29376	   72c0	TestUARTDriverRobocon2023_V1.0.elf
Finished building: default.size.stdout
 
14:48:35 **** Incremental Build of configuration Debug for project TestUARTDriverRobocon2023_V1.0 ****
make -j16 all 
arm-none-eabi-size   TestUARTDriverRobocon2023_V1.0.elf 
   text	   data	    bss	    dec	    hex	filename
  23144	     80	   6152	  29376	   72c0	TestUARTDriverRobocon2023_V1.0.elf
Finished building: default.size.stdout
 
14:54:10 **** Incremental Build of configuration Debug for project TestUARTDriverRobocon2023_V1.0 ****
make -j16 all 
arm-none-eabi-gcc "../Core/Src/main.c" -mcpu=cortex-m3 -std=gnu11 -g3 -DDEBUG -DUSE_HAL_DRIVER -DSTM32F103xB -c -I../Core/Inc -I../Drivers/STM32F1xx_HAL_Driver/Inc/Legacy -I../Drivers/STM32F1xx_HAL_Driver/Inc -I../Drivers/CMSIS/Device/ST/STM32F1xx/Include -I../Drivers/CMSIS/Include -I../Middlewares/Third_Party/FreeRTOS/Source/include -I../Middlewares/Third_Party/FreeRTOS/Source/CMSIS_RTOS -I../Middlewares/Third_Party/FreeRTOS/Source/portable/GCC/ARM_CM3 -O0 -ffunction-sections -fdata-sections -Wall -fstack-usage -MMD -MP -MF"Core/Src/main.d" -MT"Core/Src/main.o" --specs=nano.specs -mfloat-abi=soft -mthumb -o "Core/Src/main.o"
../Core/Src/main.c: In function 'driveStep':
../Core/Src/main.c:539:26: error: 'current_angle' undeclared (first use in this function); did you mean 'currentAngle'?
  539 |  if(angle > 500){angle = current_angle;}
      |                          ^~~~~~~~~~~~~
      |                          currentAngle
../Core/Src/main.c:539:26: note: each undeclared identifier is reported only once for each function it appears in
make: *** [Core/Src/subdir.mk:40: Core/Src/main.o] Error 1
"make -j16 all" terminated with exit code 2. Build might be incomplete.
14:54:24 **** Incremental Build of configuration Debug for project TestUARTDriverRobocon2023_V1.0 ****
make -j16 all 
arm-none-eabi-gcc "../Core/Src/main.c" -mcpu=cortex-m3 -std=gnu11 -g3 -DDEBUG -DUSE_HAL_DRIVER -DSTM32F103xB -c -I../Core/Inc -I../Drivers/STM32F1xx_HAL_Driver/Inc/Legacy -I../Drivers/STM32F1xx_HAL_Driver/Inc -I../Drivers/CMSIS/Device/ST/STM32F1xx/Include -I../Drivers/CMSIS/Include -I../Middlewares/Third_Party/FreeRTOS/Source/include -I../Middlewares/Third_Party/FreeRTOS/Source/CMSIS_RTOS -I../Middlewares/Third_Party/FreeRTOS/Source/portable/GCC/ARM_CM3 -O0 -ffunction-sections -fdata-sections -Wall -fstack-usage -MMD -MP -MF"Core/Src/main.d" -MT"Core/Src/main.o" --specs=nano.specs -mfloat-abi=soft -mthumb -o "Core/Src/main.o"
arm-none-eabi-gcc -o "TestUARTDriverRobocon2023_V1.0.elf" @"objects.list"   -mcpu=cortex-m3 -T"C:\Users\LENOVO\Desktop\TestUARTDriverRobocon2023_V1.0\TestUARTDriverRobocon2023_V1.0\STM32F103C8TX_FLASH.ld" --specs=nosys.specs -Wl,-Map="TestUARTDriverRobocon2023_V1.0.map" -Wl,--gc-sections -static --specs=nano.specs -mfloat-abi=soft -mthumb -Wl,--start-group -lc -lm -Wl,--end-group
Finished building target: TestUARTDriverRobocon2023_V1.0.elf
 
arm-none-eabi-size   TestUARTDriverRobocon2023_V1.0.elf 
arm-none-eabi-objdump -h -S  TestUARTDriverRobocon2023_V1.0.elf  > "TestUARTDriverRobocon2023_V1.0.list"
   text	   data	    bss	    dec	    hex	filename
  23144	     80	   6144	  29368	   72b8	TestUARTDriverRobocon2023_V1.0.elf
Finished building: default.size.stdout
 
Finished building: TestUARTDriverRobocon2023_V1.0.list
 
14:55:13 **** Incremental Build of configuration Debug for project TestUARTDriverRobocon2023_V1.0 ****
make -j16 all 
arm-none-eabi-gcc "../Core/Src/main.c" -mcpu=cortex-m3 -std=gnu11 -g3 -DDEBUG -DUSE_HAL_DRIVER -DSTM32F103xB -c -I../Core/Inc -I../Drivers/STM32F1xx_HAL_Driver/Inc/Legacy -I../Drivers/STM32F1xx_HAL_Driver/Inc -I../Drivers/CMSIS/Device/ST/STM32F1xx/Include -I../Drivers/CMSIS/Include -I../Middlewares/Third_Party/FreeRTOS/Source/include -I../Middlewares/Third_Party/FreeRTOS/Source/CMSIS_RTOS -I../Middlewares/Third_Party/FreeRTOS/Source/portable/GCC/ARM_CM3 -O0 -ffunction-sections -fdata-sections -Wall -fstack-usage -MMD -MP -MF"Core/Src/main.d" -MT"Core/Src/main.o" --specs=nano.specs -mfloat-abi=soft -mthumb -o "Core/Src/main.o"
arm-none-eabi-gcc -o "TestUARTDriverRobocon2023_V1.0.elf" @"objects.list"   -mcpu=cortex-m3 -T"C:\Users\LENOVO\Desktop\TestUARTDriverRobocon2023_V1.0\TestUARTDriverRobocon2023_V1.0\STM32F103C8TX_FLASH.ld" --specs=nosys.specs -Wl,-Map="TestUARTDriverRobocon2023_V1.0.map" -Wl,--gc-sections -static --specs=nano.specs -mfloat-abi=soft -mthumb -Wl,--start-group -lc -lm -Wl,--end-group
Finished building target: TestUARTDriverRobocon2023_V1.0.elf
 
arm-none-eabi-size   TestUARTDriverRobocon2023_V1.0.elf 
arm-none-eabi-objdump -h -S  TestUARTDriverRobocon2023_V1.0.elf  > "TestUARTDriverRobocon2023_V1.0.list"
   text	   data	    bss	    dec	    hex	filename
  23144	     80	   6144	  29368	   72b8	TestUARTDriverRobocon2023_V1.0.elf
Finished building: default.size.stdout
 
Finished building: TestUARTDriverRobocon2023_V1.0.list
 
14:56:11 **** Incremental Build of configuration Debug for project TestUARTDriverRobocon2023_V1.0 ****
make -j16 all 
arm-none-eabi-gcc "../Core/Src/main.c" -mcpu=cortex-m3 -std=gnu11 -g3 -DDEBUG -DUSE_HAL_DRIVER -DSTM32F103xB -c -I../Core/Inc -I../Drivers/STM32F1xx_HAL_Driver/Inc/Legacy -I../Drivers/STM32F1xx_HAL_Driver/Inc -I../Drivers/CMSIS/Device/ST/STM32F1xx/Include -I../Drivers/CMSIS/Include -I../Middlewares/Third_Party/FreeRTOS/Source/include -I../Middlewares/Third_Party/FreeRTOS/Source/CMSIS_RTOS -I../Middlewares/Third_Party/FreeRTOS/Source/portable/GCC/ARM_CM3 -O0 -ffunction-sections -fdata-sections -Wall -fstack-usage -MMD -MP -MF"Core/Src/main.d" -MT"Core/Src/main.o" --specs=nano.specs -mfloat-abi=soft -mthumb -o "Core/Src/main.o"
arm-none-eabi-gcc -o "TestUARTDriverRobocon2023_V1.0.elf" @"objects.list"   -mcpu=cortex-m3 -T"C:\Users\LENOVO\Desktop\TestUARTDriverRobocon2023_V1.0\TestUARTDriverRobocon2023_V1.0\STM32F103C8TX_FLASH.ld" --specs=nosys.specs -Wl,-Map="TestUARTDriverRobocon2023_V1.0.map" -Wl,--gc-sections -static --specs=nano.specs -mfloat-abi=soft -mthumb -Wl,--start-group -lc -lm -Wl,--end-group
Finished building target: TestUARTDriverRobocon2023_V1.0.elf
 
arm-none-eabi-size   TestUARTDriverRobocon2023_V1.0.elf 
arm-none-eabi-objdump -h -S  TestUARTDriverRobocon2023_V1.0.elf  > "TestUARTDriverRobocon2023_V1.0.list"
   text	   data	    bss	    dec	    hex	filename
  23144	     80	   6144	  29368	   72b8	TestUARTDriverRobocon2023_V1.0.elf
Finished building: default.size.stdout
 
Finished building: TestUARTDriverRobocon2023_V1.0.list
 
14:57:09 **** Incremental Build of configuration Debug for project TestUARTDriverRobocon2023_V1.0 ****
make -j16 all 
arm-none-eabi-gcc "../Core/Src/main.c" -mcpu=cortex-m3 -std=gnu11 -g3 -DDEBUG -DUSE_HAL_DRIVER -DSTM32F103xB -c -I../Core/Inc -I../Drivers/STM32F1xx_HAL_Driver/Inc/Legacy -I../Drivers/STM32F1xx_HAL_Driver/Inc -I../Drivers/CMSIS/Device/ST/STM32F1xx/Include -I../Drivers/CMSIS/Include -I../Middlewares/Third_Party/FreeRTOS/Source/include -I../Middlewares/Third_Party/FreeRTOS/Source/CMSIS_RTOS -I../Middlewares/Third_Party/FreeRTOS/Source/portable/GCC/ARM_CM3 -O0 -ffunction-sections -fdata-sections -Wall -fstack-usage -MMD -MP -MF"Core/Src/main.d" -MT"Core/Src/main.o" --specs=nano.specs -mfloat-abi=soft -mthumb -o "Core/Src/main.o"
arm-none-eabi-gcc -o "TestUARTDriverRobocon2023_V1.0.elf" @"objects.list"   -mcpu=cortex-m3 -T"C:\Users\LENOVO\Desktop\TestUARTDriverRobocon2023_V1.0\TestUARTDriverRobocon2023_V1.0\STM32F103C8TX_FLASH.ld" --specs=nosys.specs -Wl,-Map="TestUARTDriverRobocon2023_V1.0.map" -Wl,--gc-sections -static --specs=nano.specs -mfloat-abi=soft -mthumb -Wl,--start-group -lc -lm -Wl,--end-group
Finished building target: TestUARTDriverRobocon2023_V1.0.elf
 
arm-none-eabi-size   TestUARTDriverRobocon2023_V1.0.elf 
arm-none-eabi-objdump -h -S  TestUARTDriverRobocon2023_V1.0.elf  > "TestUARTDriverRobocon2023_V1.0.list"
   text	   data	    bss	    dec	    hex	filename
  23144	     80	   6144	  29368	   72b8	TestUARTDriverRobocon2023_V1.0.elf
Finished building: default.size.stdout
 
Finished building: TestUARTDriverRobocon2023_V1.0.list
 
15:16:15 **** Incremental Build of configuration Debug for project CodeMainRobocon2023_V1.1 ****
make -j16 all 
arm-none-eabi-gcc "../Core/Src/main.c" -mcpu=cortex-m4 -std=gnu11 -g3 -DDEBUG -DUSE_HAL_DRIVER -DSTM32F407xx -c -I../Core/Inc -I../Drivers/STM32F4xx_HAL_Driver/Inc -I../Drivers/STM32F4xx_HAL_Driver/Inc/Legacy -I../Drivers/CMSIS/Device/ST/STM32F4xx/Include -I../Drivers/CMSIS/Include -I../Middlewares/Third_Party/FreeRTOS/Source/include -I../Middlewares/Third_Party/FreeRTOS/Source/portable/GCC/ARM_CM4F -I../Middlewares/Third_Party/FreeRTOS/Source/CMSIS_RTOS -O0 -ffunction-sections -fdata-sections -Wall -fstack-usage -MMD -MP -MF"Core/Src/main.d" -MT"Core/Src/main.o" --specs=nano.specs -mfpu=fpv4-sp-d16 -mfloat-abi=hard -mthumb -o "Core/Src/main.o"
arm-none-eabi-gcc -o "CodeMainRobocon2023_V1.1.elf" @"objects.list"   -mcpu=cortex-m4 -T"C:\Users\LENOVO\Desktop\TestUARTDriverRobocon2023_V1.0\CodeMainRobocon2023_V1.1\STM32F407VETX_FLASH.ld" --specs=nosys.specs -Wl,-Map="CodeMainRobocon2023_V1.1.map" -Wl,--gc-sections -static --specs=nano.specs -mfpu=fpv4-sp-d16 -mfloat-abi=hard -mthumb -Wl,--start-group -lc -lm -Wl,--end-group
Finished building target: CodeMainRobocon2023_V1.1.elf
 
arm-none-eabi-size   CodeMainRobocon2023_V1.1.elf 
arm-none-eabi-objdump -h -S  CodeMainRobocon2023_V1.1.elf  > "CodeMainRobocon2023_V1.1.list"
   text	   data	    bss	    dec	    hex	filename
  26184	    140	  18512	  44836	   af24	CodeMainRobocon2023_V1.1.elf
Finished building: default.size.stdout
 
Finished building: CodeMainRobocon2023_V1.1.list
 
15:16:55 **** Incremental Build of configuration Debug for project CodeMainRobocon2023_V1.1 ****
make -j16 all 
arm-none-eabi-size   CodeMainRobocon2023_V1.1.elf 
   text	   data	    bss	    dec	    hex	filename
  26184	    140	  18512	  44836	   af24	CodeMainRobocon2023_V1.1.elf
Finished building: default.size.stdout
 
15:24:22 **** Incremental Build of configuration Debug for project CodeMainRobocon2023_V1.1 ****
make -j16 all 
arm-none-eabi-gcc "../Core/Src/main.c" -mcpu=cortex-m4 -std=gnu11 -g3 -DDEBUG -DUSE_HAL_DRIVER -DSTM32F407xx -c -I../Core/Inc -I../Drivers/STM32F4xx_HAL_Driver/Inc -I../Drivers/STM32F4xx_HAL_Driver/Inc/Legacy -I../Drivers/CMSIS/Device/ST/STM32F4xx/Include -I../Drivers/CMSIS/Include -I../Middlewares/Third_Party/FreeRTOS/Source/include -I../Middlewares/Third_Party/FreeRTOS/Source/portable/GCC/ARM_CM4F -I../Middlewares/Third_Party/FreeRTOS/Source/CMSIS_RTOS -O0 -ffunction-sections -fdata-sections -Wall -fstack-usage -MMD -MP -MF"Core/Src/main.d" -MT"Core/Src/main.o" --specs=nano.specs -mfpu=fpv4-sp-d16 -mfloat-abi=hard -mthumb -o "Core/Src/main.o"
arm-none-eabi-gcc -o "CodeMainRobocon2023_V1.1.elf" @"objects.list"   -mcpu=cortex-m4 -T"C:\Users\LENOVO\Desktop\TestUARTDriverRobocon2023_V1.0\CodeMainRobocon2023_V1.1\STM32F407VETX_FLASH.ld" --specs=nosys.specs -Wl,-Map="CodeMainRobocon2023_V1.1.map" -Wl,--gc-sections -static --specs=nano.specs -mfpu=fpv4-sp-d16 -mfloat-abi=hard -mthumb -Wl,--start-group -lc -lm -Wl,--end-group
Finished building target: CodeMainRobocon2023_V1.1.elf
 
arm-none-eabi-size   CodeMainRobocon2023_V1.1.elf 
arm-none-eabi-objdump -h -S  CodeMainRobocon2023_V1.1.elf  > "CodeMainRobocon2023_V1.1.list"
   text	   data	    bss	    dec	    hex	filename
  26184	    140	  18512	  44836	   af24	CodeMainRobocon2023_V1.1.elf
Finished building: default.size.stdout
 
Finished building: CodeMainRobocon2023_V1.1.list
 
15:34:35 **** Incremental Build of configuration Debug for project CodeMainRobocon2023_V1.1 ****
make -j16 all 
arm-none-eabi-gcc "../Core/Src/main.c" -mcpu=cortex-m4 -std=gnu11 -g3 -DDEBUG -DUSE_HAL_DRIVER -DSTM32F407xx -c -I../Core/Inc -I../Drivers/STM32F4xx_HAL_Driver/Inc -I../Drivers/STM32F4xx_HAL_Driver/Inc/Legacy -I../Drivers/CMSIS/Device/ST/STM32F4xx/Include -I../Drivers/CMSIS/Include -I../Middlewares/Third_Party/FreeRTOS/Source/include -I../Middlewares/Third_Party/FreeRTOS/Source/portable/GCC/ARM_CM4F -I../Middlewares/Third_Party/FreeRTOS/Source/CMSIS_RTOS -O0 -ffunction-sections -fdata-sections -Wall -fstack-usage -MMD -MP -MF"Core/Src/main.d" -MT"Core/Src/main.o" --specs=nano.specs -mfpu=fpv4-sp-d16 -mfloat-abi=hard -mthumb -o "Core/Src/main.o"
arm-none-eabi-gcc -o "CodeMainRobocon2023_V1.1.elf" @"objects.list"   -mcpu=cortex-m4 -T"C:\Users\LENOVO\Desktop\TestUARTDriverRobocon2023_V1.0\CodeMainRobocon2023_V1.1\STM32F407VETX_FLASH.ld" --specs=nosys.specs -Wl,-Map="CodeMainRobocon2023_V1.1.map" -Wl,--gc-sections -static --specs=nano.specs -mfpu=fpv4-sp-d16 -mfloat-abi=hard -mthumb -Wl,--start-group -lc -lm -Wl,--end-group
Finished building target: CodeMainRobocon2023_V1.1.elf
 
arm-none-eabi-size   CodeMainRobocon2023_V1.1.elf 
arm-none-eabi-objdump -h -S  CodeMainRobocon2023_V1.1.elf  > "CodeMainRobocon2023_V1.1.list"
   text	   data	    bss	    dec	    hex	filename
  26264	    140	  18512	  44916	   af74	CodeMainRobocon2023_V1.1.elf
Finished building: default.size.stdout
 
Finished building: CodeMainRobocon2023_V1.1.list
 
15:38:54 **** Incremental Build of configuration Debug for project CodeMainRobocon2023_V1.1 ****
make -j16 all 
arm-none-eabi-gcc "../Core/Src/main.c" -mcpu=cortex-m4 -std=gnu11 -g3 -DDEBUG -DUSE_HAL_DRIVER -DSTM32F407xx -c -I../Core/Inc -I../Drivers/STM32F4xx_HAL_Driver/Inc -I../Drivers/STM32F4xx_HAL_Driver/Inc/Legacy -I../Drivers/CMSIS/Device/ST/STM32F4xx/Include -I../Drivers/CMSIS/Include -I../Middlewares/Third_Party/FreeRTOS/Source/include -I../Middlewares/Third_Party/FreeRTOS/Source/portable/GCC/ARM_CM4F -I../Middlewares/Third_Party/FreeRTOS/Source/CMSIS_RTOS -O0 -ffunction-sections -fdata-sections -Wall -fstack-usage -MMD -MP -MF"Core/Src/main.d" -MT"Core/Src/main.o" --specs=nano.specs -mfpu=fpv4-sp-d16 -mfloat-abi=hard -mthumb -o "Core/Src/main.o"
arm-none-eabi-gcc -o "CodeMainRobocon2023_V1.1.elf" @"objects.list"   -mcpu=cortex-m4 -T"C:\Users\LENOVO\Desktop\TestUARTDriverRobocon2023_V1.0\CodeMainRobocon2023_V1.1\STM32F407VETX_FLASH.ld" --specs=nosys.specs -Wl,-Map="CodeMainRobocon2023_V1.1.map" -Wl,--gc-sections -static --specs=nano.specs -mfpu=fpv4-sp-d16 -mfloat-abi=hard -mthumb -Wl,--start-group -lc -lm -Wl,--end-group
Finished building target: CodeMainRobocon2023_V1.1.elf
 
arm-none-eabi-size   CodeMainRobocon2023_V1.1.elf 
arm-none-eabi-objdump -h -S  CodeMainRobocon2023_V1.1.elf  > "CodeMainRobocon2023_V1.1.list"
   text	   data	    bss	    dec	    hex	filename
  26248	    140	  18512	  44900	   af64	CodeMainRobocon2023_V1.1.elf
Finished building: default.size.stdout
 
Finished building: CodeMainRobocon2023_V1.1.list
 
16:43:34 **** Incremental Build of configuration Debug for project CodeMainRobocon2023_V1.1 ****
make -j16 all 
arm-none-eabi-gcc "../Core/Src/main.c" -mcpu=cortex-m4 -std=gnu11 -g3 -DDEBUG -DUSE_HAL_DRIVER -DSTM32F407xx -c -I../Core/Inc -I../Drivers/STM32F4xx_HAL_Driver/Inc -I../Drivers/STM32F4xx_HAL_Driver/Inc/Legacy -I../Drivers/CMSIS/Device/ST/STM32F4xx/Include -I../Drivers/CMSIS/Include -I../Middlewares/Third_Party/FreeRTOS/Source/include -I../Middlewares/Third_Party/FreeRTOS/Source/portable/GCC/ARM_CM4F -I../Middlewares/Third_Party/FreeRTOS/Source/CMSIS_RTOS -O0 -ffunction-sections -fdata-sections -Wall -fstack-usage -MMD -MP -MF"Core/Src/main.d" -MT"Core/Src/main.o" --specs=nano.specs -mfpu=fpv4-sp-d16 -mfloat-abi=hard -mthumb -o "Core/Src/main.o"
arm-none-eabi-gcc -o "CodeMainRobocon2023_V1.1.elf" @"objects.list"   -mcpu=cortex-m4 -T"C:\Users\LENOVO\Desktop\TestUARTDriverRobocon2023_V1.0\CodeMainRobocon2023_V1.1\STM32F407VETX_FLASH.ld" --specs=nosys.specs -Wl,-Map="CodeMainRobocon2023_V1.1.map" -Wl,--gc-sections -static --specs=nano.specs -mfpu=fpv4-sp-d16 -mfloat-abi=hard -mthumb -Wl,--start-group -lc -lm -Wl,--end-group
Finished building target: CodeMainRobocon2023_V1.1.elf
 
arm-none-eabi-size   CodeMainRobocon2023_V1.1.elf 
arm-none-eabi-objdump -h -S  CodeMainRobocon2023_V1.1.elf  > "CodeMainRobocon2023_V1.1.list"
   text	   data	    bss	    dec	    hex	filename
  26312	    140	  18520	  44972	   afac	CodeMainRobocon2023_V1.1.elf
Finished building: default.size.stdout
 
Finished building: CodeMainRobocon2023_V1.1.list
 
16:49:58 **** Incremental Build of configuration Debug for project CodeMainRobocon2023_V1.1 ****
make -j16 all 
arm-none-eabi-gcc "../Core/Src/main.c" -mcpu=cortex-m4 -std=gnu11 -g3 -DDEBUG -DUSE_HAL_DRIVER -DSTM32F407xx -c -I../Core/Inc -I../Drivers/STM32F4xx_HAL_Driver/Inc -I../Drivers/STM32F4xx_HAL_Driver/Inc/Legacy -I../Drivers/CMSIS/Device/ST/STM32F4xx/Include -I../Drivers/CMSIS/Include -I../Middlewares/Third_Party/FreeRTOS/Source/include -I../Middlewares/Third_Party/FreeRTOS/Source/portable/GCC/ARM_CM4F -I../Middlewares/Third_Party/FreeRTOS/Source/CMSIS_RTOS -O0 -ffunction-sections -fdata-sections -Wall -fstack-usage -MMD -MP -MF"Core/Src/main.d" -MT"Core/Src/main.o" --specs=nano.specs -mfpu=fpv4-sp-d16 -mfloat-abi=hard -mthumb -o "Core/Src/main.o"
arm-none-eabi-gcc -o "CodeMainRobocon2023_V1.1.elf" @"objects.list"   -mcpu=cortex-m4 -T"C:\Users\LENOVO\Desktop\TestUARTDriverRobocon2023_V1.0\CodeMainRobocon2023_V1.1\STM32F407VETX_FLASH.ld" --specs=nosys.specs -Wl,-Map="CodeMainRobocon2023_V1.1.map" -Wl,--gc-sections -static --specs=nano.specs -mfpu=fpv4-sp-d16 -mfloat-abi=hard -mthumb -Wl,--start-group -lc -lm -Wl,--end-group
Finished building target: CodeMainRobocon2023_V1.1.elf
 
arm-none-eabi-size   CodeMainRobocon2023_V1.1.elf 
arm-none-eabi-objdump -h -S  CodeMainRobocon2023_V1.1.elf  > "CodeMainRobocon2023_V1.1.list"
   text	   data	    bss	    dec	    hex	filename
  26312	    140	  18520	  44972	   afac	CodeMainRobocon2023_V1.1.elf
Finished building: default.size.stdout
 
Finished building: CodeMainRobocon2023_V1.1.list
 
16:55:47 **** Incremental Build of configuration Debug for project CodeMainRobocon2023_V1.1 ****
make -j16 all 
arm-none-eabi-gcc "../Core/Src/main.c" -mcpu=cortex-m4 -std=gnu11 -g3 -DDEBUG -DUSE_HAL_DRIVER -DSTM32F407xx -c -I../Core/Inc -I../Drivers/STM32F4xx_HAL_Driver/Inc -I../Drivers/STM32F4xx_HAL_Driver/Inc/Legacy -I../Drivers/CMSIS/Device/ST/STM32F4xx/Include -I../Drivers/CMSIS/Include -I../Middlewares/Third_Party/FreeRTOS/Source/include -I../Middlewares/Third_Party/FreeRTOS/Source/portable/GCC/ARM_CM4F -I../Middlewares/Third_Party/FreeRTOS/Source/CMSIS_RTOS -O0 -ffunction-sections -fdata-sections -Wall -fstack-usage -MMD -MP -MF"Core/Src/main.d" -MT"Core/Src/main.o" --specs=nano.specs -mfpu=fpv4-sp-d16 -mfloat-abi=hard -mthumb -o "Core/Src/main.o"
arm-none-eabi-gcc -o "CodeMainRobocon2023_V1.1.elf" @"objects.list"   -mcpu=cortex-m4 -T"C:\Users\LENOVO\Desktop\TestUARTDriverRobocon2023_V1.0\CodeMainRobocon2023_V1.1\STM32F407VETX_FLASH.ld" --specs=nosys.specs -Wl,-Map="CodeMainRobocon2023_V1.1.map" -Wl,--gc-sections -static --specs=nano.specs -mfpu=fpv4-sp-d16 -mfloat-abi=hard -mthumb -Wl,--start-group -lc -lm -Wl,--end-group
Finished building target: CodeMainRobocon2023_V1.1.elf
 
arm-none-eabi-size   CodeMainRobocon2023_V1.1.elf 
arm-none-eabi-objdump -h -S  CodeMainRobocon2023_V1.1.elf  > "CodeMainRobocon2023_V1.1.list"
   text	   data	    bss	    dec	    hex	filename
  26184	    140	  18520	  44844	   af2c	CodeMainRobocon2023_V1.1.elf
Finished building: default.size.stdout
 
Finished building: CodeMainRobocon2023_V1.1.list
 
17:03:52 **** Incremental Build of configuration Debug for project CodeMainRobocon2023_V1.1 ****
make -j16 all 
arm-none-eabi-gcc "../Core/Src/main.c" -mcpu=cortex-m4 -std=gnu11 -g3 -DDEBUG -DUSE_HAL_DRIVER -DSTM32F407xx -c -I../Core/Inc -I../Drivers/STM32F4xx_HAL_Driver/Inc -I../Drivers/STM32F4xx_HAL_Driver/Inc/Legacy -I../Drivers/CMSIS/Device/ST/STM32F4xx/Include -I../Drivers/CMSIS/Include -I../Middlewares/Third_Party/FreeRTOS/Source/include -I../Middlewares/Third_Party/FreeRTOS/Source/portable/GCC/ARM_CM4F -I../Middlewares/Third_Party/FreeRTOS/Source/CMSIS_RTOS -O0 -ffunction-sections -fdata-sections -Wall -fstack-usage -MMD -MP -MF"Core/Src/main.d" -MT"Core/Src/main.o" --specs=nano.specs -mfpu=fpv4-sp-d16 -mfloat-abi=hard -mthumb -o "Core/Src/main.o"
arm-none-eabi-gcc -o "CodeMainRobocon2023_V1.1.elf" @"objects.list"   -mcpu=cortex-m4 -T"C:\Users\LENOVO\Desktop\TestUARTDriverRobocon2023_V1.0\CodeMainRobocon2023_V1.1\STM32F407VETX_FLASH.ld" --specs=nosys.specs -Wl,-Map="CodeMainRobocon2023_V1.1.map" -Wl,--gc-sections -static --specs=nano.specs -mfpu=fpv4-sp-d16 -mfloat-abi=hard -mthumb -Wl,--start-group -lc -lm -Wl,--end-group
Finished building target: CodeMainRobocon2023_V1.1.elf
 
arm-none-eabi-size   CodeMainRobocon2023_V1.1.elf 
arm-none-eabi-objdump -h -S  CodeMainRobocon2023_V1.1.elf  > "CodeMainRobocon2023_V1.1.list"
   text	   data	    bss	    dec	    hex	filename
  26200	    140	  18520	  44860	   af3c	CodeMainRobocon2023_V1.1.elf
Finished building: default.size.stdout
 
Finished building: CodeMainRobocon2023_V1.1.list
 
17:08:46 **** Incremental Build of configuration Debug for project CodeMainRobocon2023_V1.1 ****
make -j16 all 
arm-none-eabi-gcc "../Core/Src/main.c" -mcpu=cortex-m4 -std=gnu11 -g3 -DDEBUG -DUSE_HAL_DRIVER -DSTM32F407xx -c -I../Core/Inc -I../Drivers/STM32F4xx_HAL_Driver/Inc -I../Drivers/STM32F4xx_HAL_Driver/Inc/Legacy -I../Drivers/CMSIS/Device/ST/STM32F4xx/Include -I../Drivers/CMSIS/Include -I../Middlewares/Third_Party/FreeRTOS/Source/include -I../Middlewares/Third_Party/FreeRTOS/Source/portable/GCC/ARM_CM4F -I../Middlewares/Third_Party/FreeRTOS/Source/CMSIS_RTOS -O0 -ffunction-sections -fdata-sections -Wall -fstack-usage -MMD -MP -MF"Core/Src/main.d" -MT"Core/Src/main.o" --specs=nano.specs -mfpu=fpv4-sp-d16 -mfloat-abi=hard -mthumb -o "Core/Src/main.o"
arm-none-eabi-gcc -o "CodeMainRobocon2023_V1.1.elf" @"objects.list"   -mcpu=cortex-m4 -T"C:\Users\LENOVO\Desktop\TestUARTDriverRobocon2023_V1.0\CodeMainRobocon2023_V1.1\STM32F407VETX_FLASH.ld" --specs=nosys.specs -Wl,-Map="CodeMainRobocon2023_V1.1.map" -Wl,--gc-sections -static --specs=nano.specs -mfpu=fpv4-sp-d16 -mfloat-abi=hard -mthumb -Wl,--start-group -lc -lm -Wl,--end-group
Finished building target: CodeMainRobocon2023_V1.1.elf
 
arm-none-eabi-size   CodeMainRobocon2023_V1.1.elf 
arm-none-eabi-objdump -h -S  CodeMainRobocon2023_V1.1.elf  > "CodeMainRobocon2023_V1.1.list"
   text	   data	    bss	    dec	    hex	filename
  26184	    140	  18520	  44844	   af2c	CodeMainRobocon2023_V1.1.elf
Finished building: default.size.stdout
 
Finished building: CodeMainRobocon2023_V1.1.list
 
17:16:13 **** Incremental Build of configuration Debug for project CodeMainRobocon2023_V1.1 ****
make -j16 all 
arm-none-eabi-gcc "../Core/Src/main.c" -mcpu=cortex-m4 -std=gnu11 -g3 -DDEBUG -DUSE_HAL_DRIVER -DSTM32F407xx -c -I../Core/Inc -I../Drivers/STM32F4xx_HAL_Driver/Inc -I../Drivers/STM32F4xx_HAL_Driver/Inc/Legacy -I../Drivers/CMSIS/Device/ST/STM32F4xx/Include -I../Drivers/CMSIS/Include -I../Middlewares/Third_Party/FreeRTOS/Source/include -I../Middlewares/Third_Party/FreeRTOS/Source/portable/GCC/ARM_CM4F -I../Middlewares/Third_Party/FreeRTOS/Source/CMSIS_RTOS -O0 -ffunction-sections -fdata-sections -Wall -fstack-usage -MMD -MP -MF"Core/Src/main.d" -MT"Core/Src/main.o" --specs=nano.specs -mfpu=fpv4-sp-d16 -mfloat-abi=hard -mthumb -o "Core/Src/main.o"
arm-none-eabi-gcc -o "CodeMainRobocon2023_V1.1.elf" @"objects.list"   -mcpu=cortex-m4 -T"C:\Users\LENOVO\Desktop\TestUARTDriverRobocon2023_V1.0\CodeMainRobocon2023_V1.1\STM32F407VETX_FLASH.ld" --specs=nosys.specs -Wl,-Map="CodeMainRobocon2023_V1.1.map" -Wl,--gc-sections -static --specs=nano.specs -mfpu=fpv4-sp-d16 -mfloat-abi=hard -mthumb -Wl,--start-group -lc -lm -Wl,--end-group
Finished building target: CodeMainRobocon2023_V1.1.elf
 
arm-none-eabi-size   CodeMainRobocon2023_V1.1.elf 
arm-none-eabi-objdump -h -S  CodeMainRobocon2023_V1.1.elf  > "CodeMainRobocon2023_V1.1.list"
   text	   data	    bss	    dec	    hex	filename
  26200	    140	  18520	  44860	   af3c	CodeMainRobocon2023_V1.1.elf
Finished building: default.size.stdout
 
Finished building: CodeMainRobocon2023_V1.1.list
 
17:31:43 **** Incremental Build of configuration Debug for project CodeMainRobocon2023_V1.1 ****
make -j16 all 
arm-none-eabi-gcc "../Core/Src/main.c" -mcpu=cortex-m4 -std=gnu11 -g3 -DDEBUG -DUSE_HAL_DRIVER -DSTM32F407xx -c -I../Core/Inc -I../Drivers/STM32F4xx_HAL_Driver/Inc -I../Drivers/STM32F4xx_HAL_Driver/Inc/Legacy -I../Drivers/CMSIS/Device/ST/STM32F4xx/Include -I../Drivers/CMSIS/Include -I../Middlewares/Third_Party/FreeRTOS/Source/include -I../Middlewares/Third_Party/FreeRTOS/Source/portable/GCC/ARM_CM4F -I../Middlewares/Third_Party/FreeRTOS/Source/CMSIS_RTOS -O0 -ffunction-sections -fdata-sections -Wall -fstack-usage -MMD -MP -MF"Core/Src/main.d" -MT"Core/Src/main.o" --specs=nano.specs -mfpu=fpv4-sp-d16 -mfloat-abi=hard -mthumb -o "Core/Src/main.o"
arm-none-eabi-gcc -o "CodeMainRobocon2023_V1.1.elf" @"objects.list"   -mcpu=cortex-m4 -T"C:\Users\LENOVO\Desktop\TestUARTDriverRobocon2023_V1.0\CodeMainRobocon2023_V1.1\STM32F407VETX_FLASH.ld" --specs=nosys.specs -Wl,-Map="CodeMainRobocon2023_V1.1.map" -Wl,--gc-sections -static --specs=nano.specs -mfpu=fpv4-sp-d16 -mfloat-abi=hard -mthumb -Wl,--start-group -lc -lm -Wl,--end-group
Finished building target: CodeMainRobocon2023_V1.1.elf
 
arm-none-eabi-size   CodeMainRobocon2023_V1.1.elf 
arm-none-eabi-objdump -h -S  CodeMainRobocon2023_V1.1.elf  > "CodeMainRobocon2023_V1.1.list"
   text	   data	    bss	    dec	    hex	filename
  26200	    140	  18520	  44860	   af3c	CodeMainRobocon2023_V1.1.elf
Finished building: default.size.stdout
 
Finished building: CodeMainRobocon2023_V1.1.list
 
17:36:58 **** Incremental Build of configuration Debug for project CodeMainRobocon2023_V1.1 ****
make -j16 all 
arm-none-eabi-gcc "../Core/Src/main.c" -mcpu=cortex-m4 -std=gnu11 -g3 -DDEBUG -DUSE_HAL_DRIVER -DSTM32F407xx -c -I../Core/Inc -I../Drivers/STM32F4xx_HAL_Driver/Inc -I../Drivers/STM32F4xx_HAL_Driver/Inc/Legacy -I../Drivers/CMSIS/Device/ST/STM32F4xx/Include -I../Drivers/CMSIS/Include -I../Middlewares/Third_Party/FreeRTOS/Source/include -I../Middlewares/Third_Party/FreeRTOS/Source/portable/GCC/ARM_CM4F -I../Middlewares/Third_Party/FreeRTOS/Source/CMSIS_RTOS -O0 -ffunction-sections -fdata-sections -Wall -fstack-usage -MMD -MP -MF"Core/Src/main.d" -MT"Core/Src/main.o" --specs=nano.specs -mfpu=fpv4-sp-d16 -mfloat-abi=hard -mthumb -o "Core/Src/main.o"
arm-none-eabi-gcc -o "CodeMainRobocon2023_V1.1.elf" @"objects.list"   -mcpu=cortex-m4 -T"C:\Users\LENOVO\Desktop\TestUARTDriverRobocon2023_V1.0\CodeMainRobocon2023_V1.1\STM32F407VETX_FLASH.ld" --specs=nosys.specs -Wl,-Map="CodeMainRobocon2023_V1.1.map" -Wl,--gc-sections -static --specs=nano.specs -mfpu=fpv4-sp-d16 -mfloat-abi=hard -mthumb -Wl,--start-group -lc -lm -Wl,--end-group
Finished building target: CodeMainRobocon2023_V1.1.elf
 
arm-none-eabi-size   CodeMainRobocon2023_V1.1.elf 
arm-none-eabi-objdump -h -S  CodeMainRobocon2023_V1.1.elf  > "CodeMainRobocon2023_V1.1.list"
   text	   data	    bss	    dec	    hex	filename
  26200	    140	  18520	  44860	   af3c	CodeMainRobocon2023_V1.1.elf
Finished building: default.size.stdout
 
Finished building: CodeMainRobocon2023_V1.1.list
 
17:39:57 **** Incremental Build of configuration Debug for project CodeMainRobocon2023_V1.1 ****
make -j16 all 
arm-none-eabi-gcc "../Core/Src/main.c" -mcpu=cortex-m4 -std=gnu11 -g3 -DDEBUG -DUSE_HAL_DRIVER -DSTM32F407xx -c -I../Core/Inc -I../Drivers/STM32F4xx_HAL_Driver/Inc -I../Drivers/STM32F4xx_HAL_Driver/Inc/Legacy -I../Drivers/CMSIS/Device/ST/STM32F4xx/Include -I../Drivers/CMSIS/Include -I../Middlewares/Third_Party/FreeRTOS/Source/include -I../Middlewares/Third_Party/FreeRTOS/Source/portable/GCC/ARM_CM4F -I../Middlewares/Third_Party/FreeRTOS/Source/CMSIS_RTOS -O0 -ffunction-sections -fdata-sections -Wall -fstack-usage -MMD -MP -MF"Core/Src/main.d" -MT"Core/Src/main.o" --specs=nano.specs -mfpu=fpv4-sp-d16 -mfloat-abi=hard -mthumb -o "Core/Src/main.o"
arm-none-eabi-gcc -o "CodeMainRobocon2023_V1.1.elf" @"objects.list"   -mcpu=cortex-m4 -T"C:\Users\LENOVO\Desktop\TestUARTDriverRobocon2023_V1.0\CodeMainRobocon2023_V1.1\STM32F407VETX_FLASH.ld" --specs=nosys.specs -Wl,-Map="CodeMainRobocon2023_V1.1.map" -Wl,--gc-sections -static --specs=nano.specs -mfpu=fpv4-sp-d16 -mfloat-abi=hard -mthumb -Wl,--start-group -lc -lm -Wl,--end-group
Finished building target: CodeMainRobocon2023_V1.1.elf
 
arm-none-eabi-size   CodeMainRobocon2023_V1.1.elf 
arm-none-eabi-objdump -h -S  CodeMainRobocon2023_V1.1.elf  > "CodeMainRobocon2023_V1.1.list"
   text	   data	    bss	    dec	    hex	filename
  26200	    140	  18520	  44860	   af3c	CodeMainRobocon2023_V1.1.elf
Finished building: default.size.stdout
 
Finished building: CodeMainRobocon2023_V1.1.list
 
17:43:30 **** Incremental Build of configuration Debug for project CodeMainRobocon2023_V1.1 ****
make -j16 all 
arm-none-eabi-gcc "../Core/Src/main.c" -mcpu=cortex-m4 -std=gnu11 -g3 -DDEBUG -DUSE_HAL_DRIVER -DSTM32F407xx -c -I../Core/Inc -I../Drivers/STM32F4xx_HAL_Driver/Inc -I../Drivers/STM32F4xx_HAL_Driver/Inc/Legacy -I../Drivers/CMSIS/Device/ST/STM32F4xx/Include -I../Drivers/CMSIS/Include -I../Middlewares/Third_Party/FreeRTOS/Source/include -I../Middlewares/Third_Party/FreeRTOS/Source/portable/GCC/ARM_CM4F -I../Middlewares/Third_Party/FreeRTOS/Source/CMSIS_RTOS -O0 -ffunction-sections -fdata-sections -Wall -fstack-usage -MMD -MP -MF"Core/Src/main.d" -MT"Core/Src/main.o" --specs=nano.specs -mfpu=fpv4-sp-d16 -mfloat-abi=hard -mthumb -o "Core/Src/main.o"
arm-none-eabi-gcc -o "CodeMainRobocon2023_V1.1.elf" @"objects.list"   -mcpu=cortex-m4 -T"C:\Users\LENOVO\Desktop\TestUARTDriverRobocon2023_V1.0\CodeMainRobocon2023_V1.1\STM32F407VETX_FLASH.ld" --specs=nosys.specs -Wl,-Map="CodeMainRobocon2023_V1.1.map" -Wl,--gc-sections -static --specs=nano.specs -mfpu=fpv4-sp-d16 -mfloat-abi=hard -mthumb -Wl,--start-group -lc -lm -Wl,--end-group
Finished building target: CodeMainRobocon2023_V1.1.elf
 
arm-none-eabi-size   CodeMainRobocon2023_V1.1.elf 
arm-none-eabi-objdump -h -S  CodeMainRobocon2023_V1.1.elf  > "CodeMainRobocon2023_V1.1.list"
   text	   data	    bss	    dec	    hex	filename
  26200	    140	  18520	  44860	   af3c	CodeMainRobocon2023_V1.1.elf
Finished building: default.size.stdout
 
Finished building: CodeMainRobocon2023_V1.1.list
 
17:47:17 **** Incremental Build of configuration Debug for project CodeMainRobocon2023_V1.1 ****
make -j16 all 
arm-none-eabi-gcc "../Core/Src/main.c" -mcpu=cortex-m4 -std=gnu11 -g3 -DDEBUG -DUSE_HAL_DRIVER -DSTM32F407xx -c -I../Core/Inc -I../Drivers/STM32F4xx_HAL_Driver/Inc -I../Drivers/STM32F4xx_HAL_Driver/Inc/Legacy -I../Drivers/CMSIS/Device/ST/STM32F4xx/Include -I../Drivers/CMSIS/Include -I../Middlewares/Third_Party/FreeRTOS/Source/include -I../Middlewares/Third_Party/FreeRTOS/Source/portable/GCC/ARM_CM4F -I../Middlewares/Third_Party/FreeRTOS/Source/CMSIS_RTOS -O0 -ffunction-sections -fdata-sections -Wall -fstack-usage -MMD -MP -MF"Core/Src/main.d" -MT"Core/Src/main.o" --specs=nano.specs -mfpu=fpv4-sp-d16 -mfloat-abi=hard -mthumb -o "Core/Src/main.o"
arm-none-eabi-gcc -o "CodeMainRobocon2023_V1.1.elf" @"objects.list"   -mcpu=cortex-m4 -T"C:\Users\LENOVO\Desktop\TestUARTDriverRobocon2023_V1.0\CodeMainRobocon2023_V1.1\STM32F407VETX_FLASH.ld" --specs=nosys.specs -Wl,-Map="CodeMainRobocon2023_V1.1.map" -Wl,--gc-sections -static --specs=nano.specs -mfpu=fpv4-sp-d16 -mfloat-abi=hard -mthumb -Wl,--start-group -lc -lm -Wl,--end-group
Finished building target: CodeMainRobocon2023_V1.1.elf
 
arm-none-eabi-size   CodeMainRobocon2023_V1.1.elf 
arm-none-eabi-objdump -h -S  CodeMainRobocon2023_V1.1.elf  > "CodeMainRobocon2023_V1.1.list"
   text	   data	    bss	    dec	    hex	filename
  26200	    140	  18520	  44860	   af3c	CodeMainRobocon2023_V1.1.elf
Finished building: default.size.stdout
 
Finished building: CodeMainRobocon2023_V1.1.list
 
17:57:40 **** Incremental Build of configuration Debug for project CodeMainRobocon2023_V1.1 ****
make -j16 all 
arm-none-eabi-gcc "../Core/Src/main.c" -mcpu=cortex-m4 -std=gnu11 -g3 -DDEBUG -DUSE_HAL_DRIVER -DSTM32F407xx -c -I../Core/Inc -I../Drivers/STM32F4xx_HAL_Driver/Inc -I../Drivers/STM32F4xx_HAL_Driver/Inc/Legacy -I../Drivers/CMSIS/Device/ST/STM32F4xx/Include -I../Drivers/CMSIS/Include -I../Middlewares/Third_Party/FreeRTOS/Source/include -I../Middlewares/Third_Party/FreeRTOS/Source/portable/GCC/ARM_CM4F -I../Middlewares/Third_Party/FreeRTOS/Source/CMSIS_RTOS -O0 -ffunction-sections -fdata-sections -Wall -fstack-usage -MMD -MP -MF"Core/Src/main.d" -MT"Core/Src/main.o" --specs=nano.specs -mfpu=fpv4-sp-d16 -mfloat-abi=hard -mthumb -o "Core/Src/main.o"
arm-none-eabi-gcc -o "CodeMainRobocon2023_V1.1.elf" @"objects.list"   -mcpu=cortex-m4 -T"C:\Users\LENOVO\Desktop\TestUARTDriverRobocon2023_V1.0\CodeMainRobocon2023_V1.1\STM32F407VETX_FLASH.ld" --specs=nosys.specs -Wl,-Map="CodeMainRobocon2023_V1.1.map" -Wl,--gc-sections -static --specs=nano.specs -mfpu=fpv4-sp-d16 -mfloat-abi=hard -mthumb -Wl,--start-group -lc -lm -Wl,--end-group
Finished building target: CodeMainRobocon2023_V1.1.elf
 
arm-none-eabi-size   CodeMainRobocon2023_V1.1.elf 
arm-none-eabi-objdump -h -S  CodeMainRobocon2023_V1.1.elf  > "CodeMainRobocon2023_V1.1.list"
   text	   data	    bss	    dec	    hex	filename
  26200	    140	  18520	  44860	   af3c	CodeMainRobocon2023_V1.1.elf
Finished building: default.size.stdout
 
Finished building: CodeMainRobocon2023_V1.1.list
 
18:13:02 **** Incremental Build of configuration Debug for project CodeMainRobocon2023_V1.1 ****
make -j16 all 
arm-none-eabi-gcc "../Core/Src/main.c" -mcpu=cortex-m4 -std=gnu11 -g3 -DDEBUG -DUSE_HAL_DRIVER -DSTM32F407xx -c -I../Core/Inc -I../Drivers/STM32F4xx_HAL_Driver/Inc -I../Drivers/STM32F4xx_HAL_Driver/Inc/Legacy -I../Drivers/CMSIS/Device/ST/STM32F4xx/Include -I../Drivers/CMSIS/Include -I../Middlewares/Third_Party/FreeRTOS/Source/include -I../Middlewares/Third_Party/FreeRTOS/Source/portable/GCC/ARM_CM4F -I../Middlewares/Third_Party/FreeRTOS/Source/CMSIS_RTOS -O0 -ffunction-sections -fdata-sections -Wall -fstack-usage -MMD -MP -MF"Core/Src/main.d" -MT"Core/Src/main.o" --specs=nano.specs -mfpu=fpv4-sp-d16 -mfloat-abi=hard -mthumb -o "Core/Src/main.o"
arm-none-eabi-gcc -o "CodeMainRobocon2023_V1.1.elf" @"objects.list"   -mcpu=cortex-m4 -T"C:\Users\LENOVO\Desktop\TestUARTDriverRobocon2023_V1.0\CodeMainRobocon2023_V1.1\STM32F407VETX_FLASH.ld" --specs=nosys.specs -Wl,-Map="CodeMainRobocon2023_V1.1.map" -Wl,--gc-sections -static --specs=nano.specs -mfpu=fpv4-sp-d16 -mfloat-abi=hard -mthumb -Wl,--start-group -lc -lm -Wl,--end-group
Finished building target: CodeMainRobocon2023_V1.1.elf
 
arm-none-eabi-size   CodeMainRobocon2023_V1.1.elf 
arm-none-eabi-objdump -h -S  CodeMainRobocon2023_V1.1.elf  > "CodeMainRobocon2023_V1.1.list"
   text	   data	    bss	    dec	    hex	filename
  26216	    140	  18520	  44876	   af4c	CodeMainRobocon2023_V1.1.elf
Finished building: default.size.stdout
 
Finished building: CodeMainRobocon2023_V1.1.list
 
18:13:15 **** Incremental Build of configuration Debug for project CodeMainRobocon2023_V1.1 ****
make -j16 all 
arm-none-eabi-size   CodeMainRobocon2023_V1.1.elf 
   text	   data	    bss	    dec	    hex	filename
  26216	    140	  18520	  44876	   af4c	CodeMainRobocon2023_V1.1.elf
Finished building: default.size.stdout
 
18:13:28 **** Incremental Build of configuration Debug for project CodeMainRobocon2023_V1.1 ****
make -j16 all 
arm-none-eabi-size   CodeMainRobocon2023_V1.1.elf 
   text	   data	    bss	    dec	    hex	filename
  26216	    140	  18520	  44876	   af4c	CodeMainRobocon2023_V1.1.elf
Finished building: default.size.stdout
 
18:15:45 **** Incremental Build of configuration Debug for project CodeMainRobocon2023_V1.1 ****
make -j16 all 
arm-none-eabi-size   CodeMainRobocon2023_V1.1.elf 
   text	   data	    bss	    dec	    hex	filename
  26216	    140	  18520	  44876	   af4c	CodeMainRobocon2023_V1.1.elf
Finished building: default.size.stdout
 
21:16:45 **** Incremental Build of configuration Debug for project CodeMainRobocon2023_V1.1 ****
make -j16 all 
arm-none-eabi-gcc "../Core/Src/main.c" -mcpu=cortex-m4 -std=gnu11 -g3 -DDEBUG -DUSE_HAL_DRIVER -DSTM32F407xx -c -I../Core/Inc -I../Drivers/STM32F4xx_HAL_Driver/Inc -I../Drivers/STM32F4xx_HAL_Driver/Inc/Legacy -I../Drivers/CMSIS/Device/ST/STM32F4xx/Include -I../Drivers/CMSIS/Include -I../Middlewares/Third_Party/FreeRTOS/Source/include -I../Middlewares/Third_Party/FreeRTOS/Source/portable/GCC/ARM_CM4F -I../Middlewares/Third_Party/FreeRTOS/Source/CMSIS_RTOS -O0 -ffunction-sections -fdata-sections -Wall -fstack-usage -MMD -MP -MF"Core/Src/main.d" -MT"Core/Src/main.o" --specs=nano.specs -mfpu=fpv4-sp-d16 -mfloat-abi=hard -mthumb -o "Core/Src/main.o"
arm-none-eabi-gcc -o "CodeMainRobocon2023_V1.1.elf" @"objects.list"   -mcpu=cortex-m4 -T"C:\Users\LENOVO\Desktop\TestUARTDriverRobocon2023_V1.0\CodeMainRobocon2023_V1.1\STM32F407VETX_FLASH.ld" --specs=nosys.specs -Wl,-Map="CodeMainRobocon2023_V1.1.map" -Wl,--gc-sections -static --specs=nano.specs -mfpu=fpv4-sp-d16 -mfloat-abi=hard -mthumb -Wl,--start-group -lc -lm -Wl,--end-group
Finished building target: CodeMainRobocon2023_V1.1.elf
 
arm-none-eabi-size   CodeMainRobocon2023_V1.1.elf 
arm-none-eabi-objdump -h -S  CodeMainRobocon2023_V1.1.elf  > "CodeMainRobocon2023_V1.1.list"
   text	   data	    bss	    dec	    hex	filename
  26216	    140	  18520	  44876	   af4c	CodeMainRobocon2023_V1.1.elf
Finished building: default.size.stdout
 
Finished building: CodeMainRobocon2023_V1.1.list
 
21:36:21 **** Incremental Build of configuration Debug for project CodeMainRobocon2023_V1.1 ****
make -j16 all 
arm-none-eabi-gcc "../Core/Src/main.c" -mcpu=cortex-m4 -std=gnu11 -g3 -DDEBUG -DUSE_HAL_DRIVER -DSTM32F407xx -c -I../Core/Inc -I../Drivers/STM32F4xx_HAL_Driver/Inc -I../Drivers/STM32F4xx_HAL_Driver/Inc/Legacy -I../Drivers/CMSIS/Device/ST/STM32F4xx/Include -I../Drivers/CMSIS/Include -I../Middlewares/Third_Party/FreeRTOS/Source/include -I../Middlewares/Third_Party/FreeRTOS/Source/portable/GCC/ARM_CM4F -I../Middlewares/Third_Party/FreeRTOS/Source/CMSIS_RTOS -O0 -ffunction-sections -fdata-sections -Wall -fstack-usage -MMD -MP -MF"Core/Src/main.d" -MT"Core/Src/main.o" --specs=nano.specs -mfpu=fpv4-sp-d16 -mfloat-abi=hard -mthumb -o "Core/Src/main.o"
arm-none-eabi-gcc -o "CodeMainRobocon2023_V1.1.elf" @"objects.list"   -mcpu=cortex-m4 -T"C:\Users\LENOVO\Desktop\TestUARTDriverRobocon2023_V1.0\CodeMainRobocon2023_V1.1\STM32F407VETX_FLASH.ld" --specs=nosys.specs -Wl,-Map="CodeMainRobocon2023_V1.1.map" -Wl,--gc-sections -static --specs=nano.specs -mfpu=fpv4-sp-d16 -mfloat-abi=hard -mthumb -Wl,--start-group -lc -lm -Wl,--end-group
Finished building target: CodeMainRobocon2023_V1.1.elf
 
arm-none-eabi-size   CodeMainRobocon2023_V1.1.elf 
arm-none-eabi-objdump -h -S  CodeMainRobocon2023_V1.1.elf  > "CodeMainRobocon2023_V1.1.list"
   text	   data	    bss	    dec	    hex	filename
  26232	    140	  18520	  44892	   af5c	CodeMainRobocon2023_V1.1.elf
Finished building: default.size.stdout
 
Finished building: CodeMainRobocon2023_V1.1.list
 
