18:50:09 **** Incremental Build of configuration Debug for project gun_1.1 ****
make -j8 all 
arm-none-eabi-gcc "../Core/Src/main.c" -mcpu=cortex-m3 -std=gnu11 -g3 -DDEBUG -DUSE_HAL_DRIVER -DSTM32F103xB -c -I../Core/Inc -I../Drivers/STM32F1xx_HAL_Driver/Inc/Legacy -I../Drivers/STM32F1xx_HAL_Driver/Inc -I../Drivers/CMSIS/Device/ST/STM32F1xx/Include -I../Drivers/CMSIS/Include -I../Middlewares/Third_Party/FreeRTOS/Source/include -I../Middlewares/Third_Party/FreeRTOS/Source/CMSIS_RTOS -I../Middlewares/Third_Party/FreeRTOS/Source/portable/GCC/ARM_CM3 -O0 -ffunction-sections -fdata-sections -Wall -fstack-usage -MMD -MP -MF"Core/Src/main.d" -MT"Core/Src/main.o" --specs=nano.specs -mfloat-abi=soft -mthumb -o "Core/Src/main.o"
arm-none-eabi-gcc -o "gun_1.1.elf" @"objects.list"   -mcpu=cortex-m3 -T"C:\Users\ADMIN\Desktop\ROBOCON_SLAVE_MASTER\gun_1.1\STM32F103C8TX_FLASH.ld" --specs=nosys.specs -Wl,-Map="gun_1.1.map" -Wl,--gc-sections -static --specs=nano.specs -mfloat-abi=soft -mthumb -Wl,--start-group -lc -lm -Wl,--end-group
Finished building target: gun_1.1.elf
 
arm-none-eabi-size   gun_1.1.elf 
arm-none-eabi-objdump -h -S  gun_1.1.elf  > "gun_1.1.list"
   text	   data	    bss	    dec	    hex	filename
  18764	     68	   5976	  24808	   60e8	gun_1.1.elf
Finished building: default.size.stdout
 
Finished building: gun_1.1.list
 

18:50:10 Build Finished. 0 errors, 0 warnings. (took 1s.111ms)

