14:57:09 **** Incremental Build of configuration Debug for project TestUARTDriverRobocon2023_V1.0 ****
make -j16 all 
arm-none-eabi-gcc "../Core/Src/main.c" -mcpu=cortex-m3 -std=gnu11 -g3 -DDEBUG -DUSE_HAL_DRIVER -DSTM32F103xB -c -I../Core/Inc -I../Drivers/STM32F1xx_HAL_Driver/Inc/Legacy -I../Drivers/STM32F1xx_HAL_Driver/Inc -I../Drivers/CMSIS/Device/ST/STM32F1xx/Include -I../Drivers/CMSIS/Include -I../Middlewares/Third_Party/FreeRTOS/Source/include -I../Middlewares/Third_Party/FreeRTOS/Source/CMSIS_RTOS -I../Middlewares/Third_Party/FreeRTOS/Source/portable/GCC/ARM_CM3 -O0 -ffunction-sections -fdata-sections -Wall -fstack-usage -MMD -MP -MF"Core/Src/main.d" -MT"Core/Src/main.o" --specs=nano.specs -mfloat-abi=soft -mthumb -o "Core/Src/main.o"
arm-none-eabi-gcc -o "TestUARTDriverRobocon2023_V1.0.elf" @"objects.list"   -mcpu=cortex-m3 -T"C:\Users\LENOVO\Desktop\TestUARTDriverRobocon2023_V1.0\TestUARTDriverRobocon2023_V1.0\STM32F103C8TX_FLASH.ld" --specs=nosys.specs -Wl,-Map="TestUARTDriverRobocon2023_V1.0.map" -Wl,--gc-sections -static --specs=nano.specs -mfloat-abi=soft -mthumb -Wl,--start-group -lc -lm -Wl,--end-group
Finished building target: TestUARTDriverRobocon2023_V1.0.elf
 
arm-none-eabi-size   TestUARTDriverRobocon2023_V1.0.elf 
arm-none-eabi-objdump -h -S  TestUARTDriverRobocon2023_V1.0.elf  > "TestUARTDriverRobocon2023_V1.0.list"
   text	   data	    bss	    dec	    hex	filename
  23144	     80	   6144	  29368	   72b8	TestUARTDriverRobocon2023_V1.0.elf
Finished building: default.size.stdout
 
Finished building: TestUARTDriverRobocon2023_V1.0.list
 

14:57:09 Build Finished. 0 errors, 0 warnings. (took 679ms)

